#! /usr/bin/vvp
:ivl_version "12.0 (stable)";
:ivl_delay_selection "TYPICAL";
:vpi_time_precision + 0;
:vpi_module "/usr/lib/x86_64-linux-gnu/ivl/system.vpi";
:vpi_module "/usr/lib/x86_64-linux-gnu/ivl/vhdl_sys.vpi";
:vpi_module "/usr/lib/x86_64-linux-gnu/ivl/vhdl_textio.vpi";
:vpi_module "/usr/lib/x86_64-linux-gnu/ivl/v2005_math.vpi";
:vpi_module "/usr/lib/x86_64-linux-gnu/ivl/va_math.vpi";
S_0x588d1dae3c90 .scope module, "ALU" "ALU" 2 4;
 .timescale 0 0;
    .port_info 0 /INPUT 32 "a";
    .port_info 1 /INPUT 32 "b";
    .port_info 2 /INPUT 2 "op";
    .port_info 3 /OUTPUT 32 "result";
    .port_info 4 /OUTPUT 1 "zero";
    .port_info 5 /OUTPUT 1 "gt";
    .port_info 6 /OUTPUT 1 "lt";
L_0x75468df86018 .functor BUFT 1, C4<00000000000000000000000000000000>, C4<0>, C4<0>, C4<0>;
v0x588d1dae5a80_0 .net/2u *"_ivl_0", 31 0, L_0x75468df86018;  1 drivers
L_0x75468df86060 .functor BUFT 1, C4<00000000000000000000000000000000>, C4<0>, C4<0>, C4<0>;
v0x588d1dafeaf0_0 .net/2s *"_ivl_4", 31 0, L_0x75468df86060;  1 drivers
L_0x75468df860a8 .functor BUFT 1, C4<00000000000000000000000000000000>, C4<0>, C4<0>, C4<0>;
v0x588d1dafebd0_0 .net/2s *"_ivl_8", 31 0, L_0x75468df860a8;  1 drivers
o0x75468dfcf0a8 .functor BUFZ 32, C4<zzzzzzzzzzzzzzzzzzzzzzzzzzzzzzzz>; HiZ drive
v0x588d1dafec90_0 .net "a", 31 0, o0x75468dfcf0a8;  0 drivers
o0x75468dfcf0d8 .functor BUFZ 32, C4<zzzzzzzzzzzzzzzzzzzzzzzzzzzzzzzz>; HiZ drive
v0x588d1dafed70_0 .net "b", 31 0, o0x75468dfcf0d8;  0 drivers
v0x588d1dafeea0_0 .net "gt", 0 0, L_0x588d1db106a0;  1 drivers
v0x588d1dafef60_0 .net "lt", 0 0, L_0x588d1db10810;  1 drivers
o0x75468dfcf168 .functor BUFZ 2, C4<zz>; HiZ drive
v0x588d1daff020_0 .net "op", 1 0, o0x75468dfcf168;  0 drivers
v0x588d1daff100_0 .var "result", 31 0;
v0x588d1daff1e0_0 .net "zero", 0 0, L_0x588d1db10550;  1 drivers
E_0x588d1dae1970 .event anyedge, v0x588d1daff020_0, v0x588d1dafec90_0, v0x588d1dafed70_0;
L_0x588d1db10550 .cmp/eq 32, v0x588d1daff100_0, L_0x75468df86018;
L_0x588d1db106a0 .cmp/gt.s 32, v0x588d1daff100_0, L_0x75468df86060;
L_0x588d1db10810 .cmp/gt.s 32, L_0x75468df860a8, v0x588d1daff100_0;
S_0x588d1dae3ed0 .scope module, "BarrelShifter" "BarrelShifter" 3 4;
 .timescale 0 0;
    .port_info 0 /INPUT 32 "data_in";
    .port_info 1 /INPUT 5 "shift_amount";
    .port_info 2 /INPUT 1 "direction";
    .port_info 3 /OUTPUT 32 "data_out";
v0x588d1daff380_0 .net *"_ivl_0", 31 0, L_0x588d1db10930;  1 drivers
v0x588d1daff480_0 .net *"_ivl_2", 31 0, L_0x588d1db10a30;  1 drivers
o0x75468dfcf3a8 .functor BUFZ 32, C4<zzzzzzzzzzzzzzzzzzzzzzzzzzzzzzzz>; HiZ drive
v0x588d1daff560_0 .net "data_in", 31 0, o0x75468dfcf3a8;  0 drivers
v0x588d1daff620_0 .net "data_out", 31 0, L_0x588d1db10ba0;  1 drivers
o0x75468dfcf408 .functor BUFZ 1, C4<z>; HiZ drive
v0x588d1daff700_0 .net "direction", 0 0, o0x75468dfcf408;  0 drivers
o0x75468dfcf438 .functor BUFZ 5, C4<zzzzz>; HiZ drive
v0x588d1daff7c0_0 .net "shift_amount", 4 0, o0x75468dfcf438;  0 drivers
L_0x588d1db10930 .shift/r 32, o0x75468dfcf3a8, o0x75468dfcf438;
L_0x588d1db10a30 .shift/l 32, o0x75468dfcf3a8, o0x75468dfcf438;
L_0x588d1db10ba0 .functor MUXZ 32, L_0x588d1db10a30, L_0x588d1db10930, o0x75468dfcf408, C4<>;
S_0x588d1dae5710 .scope module, "Divider" "Divider" 4 4;
 .timescale 0 0;
    .port_info 0 /INPUT 32 "a";
    .port_info 1 /INPUT 32 "b";
    .port_info 2 /OUTPUT 32 "result";
L_0x75468df860f0 .functor BUFT 1, C4<00000000000000000000000000000000>, C4<0>, C4<0>, C4<0>;
v0x588d1daff920_0 .net/2u *"_ivl_0", 31 0, L_0x75468df860f0;  1 drivers
v0x588d1daffa20_0 .net *"_ivl_2", 0 0, L_0x588d1db10ce0;  1 drivers
v0x588d1daffae0_0 .net *"_ivl_4", 31 0, L_0x588d1db10e00;  1 drivers
L_0x75468df86138 .functor BUFT 1, C4<00000000000000000000000000000000>, C4<0>, C4<0>, C4<0>;
v0x588d1daffba0_0 .net/2u *"_ivl_6", 31 0, L_0x75468df86138;  1 drivers
o0x75468dfcf5e8 .functor BUFZ 32, C4<zzzzzzzzzzzzzzzzzzzzzzzzzzzzzzzz>; HiZ drive
v0x588d1daffc80_0 .net "a", 31 0, o0x75468dfcf5e8;  0 drivers
o0x75468dfcf618 .functor BUFZ 32, C4<zzzzzzzzzzzzzzzzzzzzzzzzzzzzzzzz>; HiZ drive
v0x588d1daffdb0_0 .net "b", 31 0, o0x75468dfcf618;  0 drivers
v0x588d1daffe90_0 .net "result", 31 0, L_0x588d1db10f70;  1 drivers
L_0x588d1db10ce0 .cmp/ne 32, o0x75468dfcf618, L_0x75468df860f0;
L_0x588d1db10e00 .arith/div 32, o0x75468dfcf5e8, o0x75468dfcf618;
L_0x588d1db10f70 .functor MUXZ 32, L_0x75468df86138, L_0x588d1db10e00, L_0x588d1db10ce0, C4<>;
S_0x588d1dae58f0 .scope module, "LogicUnit" "LogicUnit" 5 4;
 .timescale 0 0;
    .port_info 0 /INPUT 32 "a";
    .port_info 1 /INPUT 32 "b";
    .port_info 2 /INPUT 2 "op";
    .port_info 3 /OUTPUT 32 "result";
    .port_info 4 /OUTPUT 1 "eq";
o0x75468dfcf708 .functor BUFZ 32, C4<zzzzzzzzzzzzzzzzzzzzzzzzzzzzzzzz>; HiZ drive
v0x588d1db00010_0 .net "a", 31 0, o0x75468dfcf708;  0 drivers
o0x75468dfcf738 .functor BUFZ 32, C4<zzzzzzzzzzzzzzzzzzzzzzzzzzzzzzzz>; HiZ drive
v0x588d1db00110_0 .net "b", 31 0, o0x75468dfcf738;  0 drivers
v0x588d1db001f0_0 .net "eq", 0 0, L_0x588d1db11100;  1 drivers
o0x75468dfcf798 .functor BUFZ 2, C4<zz>; HiZ drive
v0x588d1db00290_0 .net "op", 1 0, o0x75468dfcf798;  0 drivers
v0x588d1db00370_0 .var "result", 31 0;
E_0x588d1dae14f0 .event anyedge, v0x588d1db00290_0, v0x588d1db00010_0, v0x588d1db00110_0;
L_0x588d1db11100 .cmp/eq 32, o0x75468dfcf708, o0x75468dfcf738;
    .scope S_0x588d1dae3c90;
T_0 ;
    %wait E_0x588d1dae1970;
    %load/vec4 v0x588d1daff020_0;
    %dup/vec4;
    %pushi/vec4 0, 0, 2;
    %cmp/u;
    %jmp/1 T_0.0, 6;
    %dup/vec4;
    %pushi/vec4 1, 0, 2;
    %cmp/u;
    %jmp/1 T_0.1, 6;
    %dup/vec4;
    %pushi/vec4 2, 0, 2;
    %cmp/u;
    %jmp/1 T_0.2, 6;
    %pushi/vec4 0, 0, 32;
    %store/vec4 v0x588d1daff100_0, 0, 32;
    %jmp T_0.4;
T_0.0 ;
    %load/vec4 v0x588d1dafec90_0;
    %load/vec4 v0x588d1dafed70_0;
    %add;
    %store/vec4 v0x588d1daff100_0, 0, 32;
    %jmp T_0.4;
T_0.1 ;
    %load/vec4 v0x588d1dafec90_0;
    %load/vec4 v0x588d1dafed70_0;
    %sub;
    %store/vec4 v0x588d1daff100_0, 0, 32;
    %jmp T_0.4;
T_0.2 ;
    %load/vec4 v0x588d1dafec90_0;
    %inv;
    %pushi/vec4 1, 0, 32;
    %add;
    %store/vec4 v0x588d1daff100_0, 0, 32;
    %jmp T_0.4;
T_0.4 ;
    %pop/vec4 1;
    %jmp T_0;
    .thread T_0, $push;
    .scope S_0x588d1dae58f0;
T_1 ;
    %wait E_0x588d1dae14f0;
    %load/vec4 v0x588d1db00290_0;
    %dup/vec4;
    %pushi/vec4 0, 0, 2;
    %cmp/u;
    %jmp/1 T_1.0, 6;
    %dup/vec4;
    %pushi/vec4 1, 0, 2;
    %cmp/u;
    %jmp/1 T_1.1, 6;
    %dup/vec4;
    %pushi/vec4 2, 0, 2;
    %cmp/u;
    %jmp/1 T_1.2, 6;
    %dup/vec4;
    %pushi/vec4 3, 0, 2;
    %cmp/u;
    %jmp/1 T_1.3, 6;
    %pushi/vec4 0, 0, 32;
    %store/vec4 v0x588d1db00370_0, 0, 32;
    %jmp T_1.5;
T_1.0 ;
    %load/vec4 v0x588d1db00010_0;
    %load/vec4 v0x588d1db00110_0;
    %and;
    %store/vec4 v0x588d1db00370_0, 0, 32;
    %jmp T_1.5;
T_1.1 ;
    %load/vec4 v0x588d1db00010_0;
    %load/vec4 v0x588d1db00110_0;
    %or;
    %store/vec4 v0x588d1db00370_0, 0, 32;
    %jmp T_1.5;
T_1.2 ;
    %load/vec4 v0x588d1db00010_0;
    %load/vec4 v0x588d1db00110_0;
    %xor;
    %store/vec4 v0x588d1db00370_0, 0, 32;
    %jmp T_1.5;
T_1.3 ;
    %load/vec4 v0x588d1db00010_0;
    %inv;
    %store/vec4 v0x588d1db00370_0, 0, 32;
    %jmp T_1.5;
T_1.5 ;
    %pop/vec4 1;
    %jmp T_1;
    .thread T_1, $push;
# The file index is used to find the file name in the following table.
:file_names 6;
    "N/A";
    "<interactive>";
    "./ALU.sv";
    "./BarrelShifter.sv";
    "./Divider.sv";
    "./LogicUnit.sv";
